[    0.000000] Linux version 4.15.0-74-generic (buildd@lcy01-amd64-022) (gcc version 7.4.0 (Ubuntu 7.4.0-1ubuntu1~18.04.1)) #84-Ubuntu SMP Thu Dec 19 08:06:28 UTC 2019 (Ubuntu 4.15.0-74.84-generic 4.15.18)
[    0.000000] Command line: BOOT_IMAGE=/boot/vmlinuz-4.15.0-74-generic root=UUID=d9676a7a-8f10-4829-ac4a-1db02afdacf3 ro console=tty1 console=ttyS0
[    0.000000] KERNEL supported cpus:
[    0.000000]   Intel GenuineIntel
[    0.000000]   AMD AuthenticAMD
[    0.000000]   Centaur CentaurHauls
[    0.000000] x86/fpu: Supporting XSAVE feature 0x001: 'x87 floating point registers'
[    0.000000] x86/fpu: Supporting XSAVE feature 0x002: 'SSE registers'
[    0.000000] x86/fpu: Supporting XSAVE feature 0x004: 'AVX registers'
[    0.000000] x86/fpu: xstate_offset[2]:  576, xstate_sizes[2]:  256
[    0.000000] x86/fpu: Enabled xstate features 0x7, context size is 832 bytes, using 'standard' format.
[    0.000000] e820: BIOS-provided physical RAM map:
[    0.000000] BIOS-e820: [mem 0x0000000000000000-0x000000000009fbff] usable
[    0.000000] BIOS-e820: [mem 0x000000000009fc00-0x000000000009ffff] reserved
[    0.000000] BIOS-e820: [mem 0x00000000000f0000-0x00000000000fffff] reserved
[    0.000000] BIOS-e820: [mem 0x0000000000100000-0x00000000dffeffff] usable
[    0.000000] BIOS-e820: [mem 0x00000000dfff0000-0x00000000dfffffff] ACPI data
[    0.000000] BIOS-e820: [mem 0x00000000fec00000-0x00000000fec00fff] reserved
[    0.000000] BIOS-e820: [mem 0x00000000fee00000-0x00000000fee00fff] reserved
[    0.000000] BIOS-e820: [mem 0x00000000fffc0000-0x00000000ffffffff] reserved
[    0.000000] BIOS-e820: [mem 0x0000000100000000-0x000000011fffffff] usable
[    0.000000] NX (Execute Disable) protection: active
[    0.000000] SMBIOS 2.5 present.
[    0.000000] DMI: innotek GmbH VirtualBox/VirtualBox, BIOS VirtualBox 12/01/2006
[    0.000000] Hypervisor detected: KVM
[    0.000000] e820: last_pfn = 0x120000 max_arch_pfn = 0x400000000
[    0.000000] MTRR: Disabled
[    0.000000] x86/PAT: MTRRs disabled, skipping PAT initialization too.
[    0.000000] CPU MTRRs all blank - virtualized system.
[    0.000000] x86/PAT: Configuration [0-7]: WB  WT  UC- UC  WB  WT  UC- UC  
[    0.000000] e820: last_pfn = 0xdfff0 max_arch_pfn = 0x400000000
[    0.000000] found SMP MP-table at [mem 0x0009fff0-0x0009ffff]
[    0.000000] Scanning 1 areas for low memory corruption
[    0.000000] RAMDISK: [mem 0x3595d000-0x36ca5fff]
[    0.000000] ACPI: Early table checksum verification disabled
[    0.000000] ACPI: RSDP 0x00000000000E0000 000024 (v02 VBOX  )
[    0.000000] ACPI: XSDT 0x00000000DFFF0030 00003C (v01 VBOX   VBOXXSDT 00000001 ASL  00000061)
[    0.000000] ACPI: FACP 0x00000000DFFF00F0 0000F4 (v04 VBOX   VBOXFACP 00000001 ASL  00000061)
[    0.000000] ACPI: DSDT 0x00000000DFFF0480 002325 (v02 VBOX   VBOXBIOS 00000002 INTL 20120111)
[    0.000000] ACPI: FACS 0x00000000DFFF0200 000040
[    0.000000] ACPI: FACS 0x00000000DFFF0200 000040
[    0.000000] ACPI: APIC 0x00000000DFFF0240 00006C (v02 VBOX   VBOXAPIC 00000001 ASL  00000061)
[    0.000000] ACPI: SSDT 0x00000000DFFF02B0 0001CC (v01 VBOX   VBOXCPUT 00000002 INTL 20120111)
[    0.000000] No NUMA configuration found
[    0.000000] Faking a node at [mem 0x0000000000000000-0x000000011fffffff]
[    0.000000] NODE_DATA(0) allocated [mem 0x11ffd1000-0x11fffbfff]
[    0.000000] kvm-clock: cpu 0, msr 1:1ff50001, primary cpu clock
[    0.000000] kvm-clock: Using msrs 4b564d01 and 4b564d00
[    0.000000] kvm-clock: using sched offset of 6287010208 cycles
[    0.000000] clocksource: kvm-clock: mask: 0xffffffffffffffff max_cycles: 0x1cd42e4dffb, max_idle_ns: 881590591483 ns
[    0.000000] Zone ranges:
[    0.000000]   DMA      [mem 0x0000000000001000-0x0000000000ffffff]
[    0.000000]   DMA32    [mem 0x0000000001000000-0x00000000ffffffff]
[    0.000000]   Normal   [mem 0x0000000100000000-0x000000011fffffff]
[    0.000000]   Device   empty
[    0.000000] Movable zone start for each node
[    0.000000] Early memory node ranges
[    0.000000]   node   0: [mem 0x0000000000001000-0x000000000009efff]
[    0.000000]   node   0: [mem 0x0000000000100000-0x00000000dffeffff]
[    0.000000]   node   0: [mem 0x0000000100000000-0x000000011fffffff]
[    0.000000] Reserved but unavailable: 98 pages
[    0.000000] Initmem setup node 0 [mem 0x0000000000001000-0x000000011fffffff]
[    0.000000] ACPI: PM-Timer IO Port: 0x4008
[    0.000000] IOAPIC[0]: apic_id 4, version 32, address 0xfec00000, GSI 0-23
[    0.000000] ACPI: INT_SRC_OVR (bus 0 bus_irq 0 global_irq 2 dfl dfl)
[    0.000000] ACPI: INT_SRC_OVR (bus 0 bus_irq 9 global_irq 9 low level)
[    0.000000] Using ACPI (MADT) for SMP configuration information
[    0.000000] smpboot: Allowing 4 CPUs, 0 hotplug CPUs
[    0.000000] PM: Registered nosave memory: [mem 0x00000000-0x00000fff]
[    0.000000] PM: Registered nosave memory: [mem 0x0009f000-0x0009ffff]
[    0.000000] PM: Registered nosave memory: [mem 0x000a0000-0x000effff]
[    0.000000] PM: Registered nosave memory: [mem 0x000f0000-0x000fffff]
[    0.000000] PM: Registered nosave memory: [mem 0xdfff0000-0xdfffffff]
[    0.000000] PM: Registered nosave memory: [mem 0xe0000000-0xfebfffff]
[    0.000000] PM: Registered nosave memory: [mem 0xfec00000-0xfec00fff]
[    0.000000] PM: Registered nosave memory: [mem 0xfec01000-0xfedfffff]
[    0.000000] PM: Registered nosave memory: [mem 0xfee00000-0xfee00fff]
[    0.000000] PM: Registered nosave memory: [mem 0xfee01000-0xfffbffff]
[    0.000000] PM: Registered nosave memory: [mem 0xfffc0000-0xffffffff]
[    0.000000] e820: [mem 0xe0000000-0xfebfffff] available for PCI devices
[    0.000000] Booting paravirtualized kernel on KVM
[    0.000000] clocksource: refined-jiffies: mask: 0xffffffff max_cycles: 0xffffffff, max_idle_ns: 7645519600211568 ns
[    0.000000] random: get_random_bytes called from start_kernel+0x99/0x4fd with crng_init=0
[    0.000000] setup_percpu: NR_CPUS:8192 nr_cpumask_bits:4 nr_cpu_ids:4 nr_node_ids:1
[    0.000000] percpu: Embedded 45 pages/cpu s147456 r8192 d28672 u524288
[    0.000000] PV qspinlock hash table entries: 256 (order: 0, 4096 bytes)
[    0.000000] Built 1 zonelists, mobility grouping on.  Total pages: 1032057
[    0.000000] Policy zone: Normal
[    0.000000] Kernel command line: BOOT_IMAGE=/boot/vmlinuz-4.15.0-74-generic root=UUID=d9676a7a-8f10-4829-ac4a-1db02afdacf3 ro console=tty1 console=ttyS0
[    0.000000] Memory: 4012780K/4193848K available (12300K kernel code, 2481K rwdata, 4260K rodata, 2428K init, 2704K bss, 181068K reserved, 0K cma-reserved)
[    0.000000] SLUB: HWalign=64, Order=0-3, MinObjects=0, CPUs=4, Nodes=1
[    0.000000] Kernel/User page tables isolation: enabled
[    0.000000] ftrace: allocating 39322 entries in 154 pages
[    0.004000] Hierarchical RCU implementation.
[    0.004000] 	RCU restricting CPUs from NR_CPUS=8192 to nr_cpu_ids=4.
[    0.004000] 	Tasks RCU enabled.
[    0.004000] RCU: Adjusting geometry for rcu_fanout_leaf=16, nr_cpu_ids=4
[    0.004000] NR_IRQS: 524544, nr_irqs: 456, preallocated irqs: 16
[    0.004000] Console: colour VGA+ 80x25
[    0.004000] console [tty1] enabled
[    0.004000] console [ttyS0] enabled
[    0.004000] ACPI: Core revision 20170831
[    0.004000] ACPI: 2 ACPI AML tables successfully acquired and loaded
[    0.004000] APIC: Switch to symmetric I/O mode setup
[    0.004000] x2apic enabled
[    0.004000] Switched APIC routing to physical x2apic.
[    0.005070] ..TIMER: vector=0x30 apic1=0 pin1=2 apic2=-1 pin2=-1
[    0.008002] tsc: Detected 1800.000 MHz processor
[    0.012012] Calibrating delay loop (skipped) preset value.. 3600.00 BogoMIPS (lpj=7200000)
[    0.014533] pid_max: default: 32768 minimum: 301
[    0.016051] Security Framework initialized
[    0.017203] Yama: becoming mindful.
[    0.018182] AppArmor: AppArmor initialized
[    0.024201] Dentry cache hash table entries: 524288 (order: 10, 4194304 bytes)
[    0.028000] Inode-cache hash table entries: 262144 (order: 9, 2097152 bytes)
[    0.028037] Mount-cache hash table entries: 8192 (order: 4, 65536 bytes)
[    0.032022] Mountpoint-cache hash table entries: 8192 (order: 4, 65536 bytes)
[    0.036348] Last level iTLB entries: 4KB 64, 2MB 8, 4MB 8
[    0.038280] Last level dTLB entries: 4KB 64, 2MB 0, 4MB 0, 1GB 4
[    0.040005] Spectre V1 : Mitigation: usercopy/swapgs barriers and __user pointer sanitization
[    0.044008] Spectre V2 : Mitigation: Full generic retpoline
[    0.048005] Spectre V2 : Spectre v2 / SpectreRSB mitigation: Filling RSB on context switch
[    0.051623] Speculative Store Bypass: Vulnerable
[    0.052063] MDS: Mitigation: Clear CPU buffers
[    0.054027] Freeing SMP alternatives memory: 36K
[    0.168108] smpboot: CPU0: Intel(R) Core(TM) i5-5350U CPU @ 1.80GHz (family: 0x6, model: 0x3d, stepping: 0x4)
[    0.171376] Performance Events: unsupported p6 CPU model 61 no PMU driver, software events only.
[    0.172057] Hierarchical SRCU implementation.
[    0.173957] NMI watchdog: Perf event create on CPU 0 failed with -2
[    0.176003] NMI watchdog: Perf NMI watchdog permanently disabled
[    0.177968] smp: Bringing up secondary CPUs ...
[    0.181766] x86: Booting SMP configuration:
[    0.184006] .... node  #0, CPUs:      #1
[    0.004000] kvm-clock: cpu 1, msr 1:1ff50041, secondary cpu clock
[    0.190075]  #2
[    0.004000] kvm-clock: cpu 2, msr 1:1ff50081, secondary cpu clock
[    0.195617]  #3
[    0.004000] kvm-clock: cpu 3, msr 1:1ff500c1, secondary cpu clock
[    0.208036] smp: Brought up 1 node, 4 CPUs
[    0.209541] smpboot: Max logical packages: 1
[    0.212007] smpboot: Total of 4 processors activated (14400.00 BogoMIPS)
[    0.214526] devtmpfs: initialized
[    0.216059] x86/mm: Memory block size: 128MB
[    0.217805] evm: security.selinux
[    0.218990] evm: security.SMACK64
[    0.220007] evm: security.SMACK64EXEC
[    0.221463] evm: security.SMACK64TRANSMUTE
[    0.222651] evm: security.SMACK64MMAP
[    0.224006] evm: security.apparmor
[    0.224985] evm: security.ima
[    0.225963] evm: security.capability
[    0.228243] clocksource: jiffies: mask: 0xffffffff max_cycles: 0xffffffff, max_idle_ns: 7645041785100000 ns
[    0.232034] futex hash table entries: 1024 (order: 4, 65536 bytes)
[    0.236134] pinctrl core: initialized pinctrl subsystem
[    0.237971] RTC time:  3:28:53, date: 07/02/21
[    0.241062] NET: Registered protocol family 16
[    0.244100] audit: initializing netlink subsys (disabled)
[    0.245969] audit: type=2000 audit(1625196541.433:1): state=initialized audit_enabled=0 res=1
[    0.248014] cpuidle: using governor ladder
[    0.249430] cpuidle: using governor menu
[    0.252060] ACPI: bus type PCI registered
[    0.253375] acpiphp: ACPI Hot Plug PCI Controller Driver version: 0.5
[    0.256152] PCI: Using configuration type 1 for base access
[    0.260211] HugeTLB registered 2.00 MiB page size, pre-allocated 0 pages
[    0.264287] ACPI: Added _OSI(Module Device)
[    0.265464] ACPI: Added _OSI(Processor Device)
[    0.267016] ACPI: Added _OSI(3.0 _SCP Extensions)
[    0.268004] ACPI: Added _OSI(Processor Aggregator Device)
[    0.269670] ACPI: Added _OSI(Linux-Dell-Video)
[    0.272004] ACPI: Added _OSI(Linux-Lenovo-NV-HDMI-Audio)
[    0.273757] ACPI: Added _OSI(Linux-HPI-Hybrid-Graphics)
[    0.276167] ACPI: Executed 1 blocks of module-level executable AML code
[    0.282527] ACPI: Interpreter enabled
[    0.284000] ACPI: (supports S0 S5)
[    0.284004] ACPI: Using IOAPIC for interrupt routing
[    0.286117] PCI: Using host bridge windows from ACPI; if necessary, use "pci=nocrs" and report a bug
[    0.288309] ACPI: Enabled 2 GPEs in block 00 to 07
[    0.304830] ACPI: PCI Root Bridge [PCI0] (domain 0000 [bus 00-ff])
[    0.308000] acpi PNP0A03:00: _OSC: OS supports [ASPM ClockPM Segments MSI]
[    0.312639] acpi PNP0A03:00: _OSC: not requesting OS control; OS requires [ExtendedConfig ASPM ClockPM MSI]
[    0.316027] acpi PNP0A03:00: fail to add MMCONFIG information, can't access extended PCI configuration space under this bridge.
[    0.325309] PCI host bridge to bus 0000:00
[    0.328011] pci_bus 0000:00: root bus resource [io  0x0000-0x0cf7 window]
[    0.332016] pci_bus 0000:00: root bus resource [io  0x0d00-0xffff window]
[    0.336010] pci_bus 0000:00: root bus resource [mem 0x000a0000-0x000bffff window]
[    0.344011] pci_bus 0000:00: root bus resource [mem 0xe0000000-0xfdffffff window]
[    0.348013] pci_bus 0000:00: root bus resource [bus 00-ff]
[    0.353049] pci 0000:00:01.1: legacy IDE quirk: reg 0x10: [io  0x01f0-0x01f7]
[    0.355735] pci 0000:00:01.1: legacy IDE quirk: reg 0x14: [io  0x03f6]
[    0.360013] pci 0000:00:01.1: legacy IDE quirk: reg 0x18: [io  0x0170-0x0177]
[    0.360013] pci 0000:00:01.1: legacy IDE quirk: reg 0x1c: [io  0x0376]
[    0.453844] pci 0000:00:07.0: quirk: [io  0x4000-0x403f] claimed by PIIX4 ACPI
[    0.456067] pci 0000:00:07.0: quirk: [io  0x4100-0x410f] claimed by PIIX4 SMB
[    0.492903] ACPI: PCI Interrupt Link [LNKA] (IRQs 5 9 10 *11)
[    0.495611] ACPI: PCI Interrupt Link [LNKB] (IRQs 5 9 *10 11)
[    0.496267] ACPI: PCI Interrupt Link [LNKC] (IRQs 5 *9 10 11)
[    0.500138] ACPI: PCI Interrupt Link [LNKD] (IRQs 5 9 10 *11)
[    0.504015] SCSI subsystem initialized
[    0.504082] pci 0000:00:02.0: vgaarb: setting as boot VGA device
[    0.506235] pci 0000:00:02.0: vgaarb: VGA device added: decodes=io+mem,owns=io+mem,locks=none
[    0.508009] pci 0000:00:02.0: vgaarb: bridge control possible
[    0.509923] vgaarb: loaded
[    0.512059] ACPI: bus type USB registered
[    0.513464] usbcore: registered new interface driver usbfs
[    0.515194] usbcore: registered new interface driver hub
[    0.516047] usbcore: registered new device driver usb
[    0.520047] EDAC MC: Ver: 3.0.0
[    0.520402] PCI: Using ACPI for IRQ routing
[    0.524015] NetLabel: Initializing
[    0.524015] NetLabel:  domain hash size = 128
[    0.524015] NetLabel:  protocols = UNLABELED CIPSOv4 CALIPSO
[    0.528034] NetLabel:  unlabeled traffic allowed by default
[    0.533060] clocksource: Switched to clocksource kvm-clock
[    0.555655] VFS: Disk quotas dquot_6.6.0
[    0.558123] VFS: Dquot-cache hash table entries: 512 (order 0, 4096 bytes)
[    0.560387] AppArmor: AppArmor Filesystem Enabled
[    0.562017] pnp: PnP ACPI init
[    0.565281] pnp: PnP ACPI: found 3 devices
[    0.580141] clocksource: acpi_pm: mask: 0xffffff max_cycles: 0xffffff, max_idle_ns: 2085701024 ns
[    0.583414] NET: Registered protocol family 2
[    0.585040] TCP established hash table entries: 32768 (order: 6, 262144 bytes)
[    0.587689] TCP bind hash table entries: 32768 (order: 7, 524288 bytes)
[    0.593054] TCP: Hash tables configured (established 32768 bind 32768)
[    0.595259] UDP hash table entries: 2048 (order: 4, 65536 bytes)
[    0.597313] UDP-Lite hash table entries: 2048 (order: 4, 65536 bytes)
[    0.600670] NET: Registered protocol family 1
[    0.602114] pci 0000:00:00.0: Limiting direct PCI/PCI transfers
[    0.604201] pci 0000:00:01.0: Activating ISA DMA hang workarounds
[    0.606211] pci 0000:00:02.0: Video device with shadowed ROM at [mem 0x000c0000-0x000dffff]
[    0.609679] Unpacking initramfs...
[    0.968838] Freeing initrd memory: 19748K
[    0.970685] PCI-DMA: Using software bounce buffering for IO (SWIOTLB)
[    0.973645] software IO TLB: mapped [mem 0xdbff0000-0xdfff0000] (64MB)
[    0.976224] clocksource: tsc: mask: 0xffffffffffffffff max_cycles: 0x19f2297dd97, max_idle_ns: 440795236593 ns
[    0.979406] platform rtc_cmos: registered platform RTC device (no PNP device found)
[    0.981670] Scanning for low memory corruption every 60 seconds
[    0.984992] Initialise system trusted keyrings
[    0.986488] Key type blacklist registered
[    0.988410] workingset: timestamp_bits=36 max_order=20 bucket_order=0
[    0.991635] zbud: loaded
[    0.993085] squashfs: version 4.0 (2009/01/31) Phillip Lougher
[    0.995352] fuse init (API version 7.26)
[    1.003236] Key type asymmetric registered
[    1.004470] Asymmetric key parser 'x509' registered
[    1.005939] Block layer SCSI generic (bsg) driver version 0.4 loaded (major 246)
[    1.008962] io scheduler noop registered
[    1.010052] io scheduler deadline registered
[    1.011262] io scheduler cfq registered (default)
[    1.013682] ACPI: AC Adapter [AC] (off-line)
[    1.015366] input: Power Button as /devices/LNXSYSTM:00/LNXPWRBN:00/input/input0
[    1.018155] ACPI: Power Button [PWRF]
[    1.019304] input: Sleep Button as /devices/LNXSYSTM:00/LNXSLPBN:00/input/input1
[    1.021558] ACPI: Sleep Button [SLPF]
[    1.023772] Serial: 8250/16550 driver, 32 ports, IRQ sharing enabled
[    1.025956] ACPI: Battery Slot [BAT0] (battery present)
[    1.047122] 00:02: ttyS0 at I/O 0x3f8 (irq = 4, base_baud = 115200) is a 16550A
[    1.061188] Linux agpgart interface v0.103
[    1.067262] loop: module loaded
[    1.069908] scsi host0: ata_piix
[    1.071459] scsi host1: ata_piix
[    1.072861] ata1: PATA max UDMA/33 cmd 0x1f0 ctl 0x3f6 bmdma 0xd000 irq 14
[    1.075233] ata2: PATA max UDMA/33 cmd 0x170 ctl 0x376 bmdma 0xd008 irq 15
[    1.077555] libphy: Fixed MDIO Bus: probed
[    1.078945] tun: Universal TUN/TAP device driver, 1.6
[    1.080823] PPP generic driver version 2.4.2
[    1.082136] ehci_hcd: USB 2.0 'Enhanced' Host Controller (EHCI) Driver
[    1.083886] ehci-pci: EHCI PCI platform driver
[    1.085212] ehci-platform: EHCI generic platform driver
[    1.086675] ohci_hcd: USB 1.1 'Open' Host Controller (OHCI) Driver
[    1.088644] ohci-pci: OHCI PCI platform driver
[    1.089891] ohci-platform: OHCI generic platform driver
[    1.091371] uhci_hcd: USB Universal Host Controller Interface driver
[    1.093246] i8042: PNP: PS/2 Controller [PNP0303:PS2K,PNP0f03:PS2M] at 0x60,0x64 irq 1,12
[    1.096391] serio: i8042 KBD port at 0x60,0x64 irq 1
[    1.098590] serio: i8042 AUX port at 0x60,0x64 irq 12
[    1.100831] mousedev: PS/2 mouse device common for all mice
[    1.103855] rtc_cmos rtc_cmos: rtc core: registered rtc_cmos as rtc0
[    1.105797] input: AT Translated Set 2 keyboard as /devices/platform/i8042/serio0/input/input2
[    1.108823] rtc_cmos rtc_cmos: alarms up to one day, 114 bytes nvram
[    1.110880] i2c /dev entries driver
[    1.112134] device-mapper: uevent: version 1.0.3
[    1.114457] device-mapper: ioctl: 4.37.0-ioctl (2017-09-20) initialised: dm-devel@redhat.com
[    1.117422] ledtrig-cpu: registered to indicate activity on CPUs
[    1.119865] NET: Registered protocol family 10
[    1.130069] Segment Routing with IPv6
[    1.131782] NET: Registered protocol family 17
[    1.133861] Key type dns_resolver registered
[    1.136549] mce: Using 0 MCE banks
[    1.137629] RAS: Correctable Errors collector initialized.
[    1.139312] sched_clock: Marking stable (1136515253, 0)->(1625794868, -489279615)
[    1.147648] registered taskstats version 1
[    1.149259] Loading compiled-in X.509 certificates
[    1.154385] Loaded X.509 cert 'Build time autogenerated kernel key: 62d24f9c726e026b112735485dad6e6e4b50c923'
[    1.159753] zswap: loaded using pool lzo/zbud
[    1.167453] Key type big_key registered
[    1.169097] Key type trusted registered
[    1.172850] Key type encrypted registered
[    1.174119] AppArmor: AppArmor sha1 policy hashing enabled
[    1.175812] ima: No TPM chip found, activating TPM-bypass! (rc=-19)
[    1.177716] ima: Allocated hash algorithm: sha1
[    1.178974] evm: HMAC attrs: 0x1
[    1.180480]   Magic number: 13:396:461
[    1.181686] rtc_cmos rtc_cmos: setting system clock to 2021-07-02 03:28:53 UTC (1625196533)
[    1.184644] BIOS EDD facility v0.16 2004-Jun-25, 0 devices found
[    1.186587] EDD information not available.
[    1.263983] Freeing unused kernel image memory: 2428K
[    1.480981] Write protecting the kernel read-only data: 20480k
[    1.484698] Freeing unused kernel image memory: 2008K
[    1.486717] Freeing unused kernel image memory: 1884K
[    1.495148] x86/mm: Checked W+X mappings: passed, no W+X pages found.
[    1.497704] x86/mm: Checking user space page tables
[    1.508025] x86/mm: Checked W+X mappings: passed, no W+X pages found.
Loading, please wait...
starting version 237
[    1.667212] e1000: Intel(R) PRO/1000 Network Driver - version 7.3.21-k8-NAPI
[    1.729347] e1000: Copyright (c) 1999-2006 Intel Corporation.
[    1.752361] Fusion MPT base driver 3.04.20
[    1.754535] Copyright (c) 1999-2008 LSI Corporation
[    1.770489] AVX2 version of gcm_enc/dec engaged.
[    1.772598] AES CTR mode by8 optimization enabled
[    1.777482] Fusion MPT SPI Host driver 3.04.20
[    1.781851] vboxvideo: loading out-of-tree module taints kernel.
[    1.785981] vboxvideo: module verification failed: signature and/or required key missing - tainting kernel
[    1.982089] input: ImExPS/2 Generic Explorer Mouse as /devices/platform/i8042/serio1/input/input4
[    2.253387] e1000 0000:00:03.0 eth0: (PCI:33MHz:32-bit) 02:6d:68:ec:b8:1e
[    2.255712] e1000 0000:00:03.0 eth0: Intel(R) PRO/1000 Network Connection
[    2.260246] mptbase: ioc0: Initiating bringup
[    2.260876] e1000 0000:00:03.0 enp0s3: renamed from eth0
[    3.303148] ioc0: LSI53C1030 A0: Capabilities={Initiator}
[    5.459440] scsi host2: ioc0: LSI53C1030 A0, FwRev=00000000h, Ports=1, MaxQ=256, IRQ=20
[    6.828945] scsi 2:0:0:0: Direct-Access     VBOX     HARDDISK         1.0  PQ: 0 ANSI: 5
[    6.830484] [drm] VRAM 01000000
[    6.836204] [TTM] Zone  kernel: Available graphics memory: 2019442 kiB
[    6.838402] [TTM] Initializing pool allocator
[    6.840801] [TTM] Initializing DMA pool allocator
[    6.844352] fbcon: vboxdrmfb (fb0) is primary device
[    6.846290] Console: switching to colour frame buffer device 100x37
[    6.850874] vboxvideo 0000:00:02.0: fb0: vboxdrmfb frame buffer device
[    7.298113] scsi target2:0:0: Beginning Domain Validation
[    7.298191] [drm] Initialized vboxvideo 1.0.0 20130823 for 0000:00:02.0 on minor 0
[    7.304901] scsi target2:0:0: Domain Validation skipping write tests
[    7.306827] scsi target2:0:0: Ending Domain Validation
[    7.308489] scsi target2:0:0: asynchronous
[    7.310650] scsi 2:0:1:0: Direct-Access     VBOX     HARDDISK         1.0  PQ: 0 ANSI: 5
[    8.416514] scsi target2:0:1: Beginning Domain Validation
[    8.420167] random: fast init done
[    8.422474] scsi target2:0:1: Domain Validation skipping write tests
[    8.423971] scsi target2:0:1: Ending Domain Validation
[    8.425487] scsi target2:0:1: asynchronous
[    8.432782] random: systemd-udevd: uninitialized urandom read (16 bytes read)
[    8.434897] random: systemd-udevd: uninitialized urandom read (16 bytes read)
[    8.434904] sd 2:0:0:0: Attached scsi generic sg0 type 0
[    8.438705] random: systemd-udevd: uninitialized urandom read (16 bytes read)
[    8.441010] sd 2:0:0:0: [sda] 20971520 512-byte logical blocks: (10.7 GB/10.0 GiB)
[    8.441013] sd 2:0:1:0: Attached scsi generic sg1 type 0
[    8.444103] sd 2:0:0:0: [sda] Write Protect is off
[    8.447591] sd 2:0:1:0: [sdb] 20480 512-byte logical blocks: (10.5 MB/10.0 MiB)
[    8.447778] sd 2:0:0:0: [sda] Incomplete mode parameter data
[    8.452235] sd 2:0:0:0: [sda] Assuming drive cache: write through
[    8.452424] sd 2:0:1:0: [sdb] Write Protect is off
[    8.457855] sd 2:0:1:0: [sdb] Incomplete mode parameter data
[    8.459060]  sda: sda1
[    8.462507] sd 2:0:1:0: [sdb] Assuming drive cache: write through
[    8.467465] sd 2:0:0:0: [sda] Attached SCSI disk
[    8.479478] sd 2:0:1:0: [sdb] Attached SCSI disk
Begin: Loading essential drivers ... [    8.756700] raid6: sse2x1   gen()  8844 MB/s
[    8.808264] raid6: sse2x1   xor()  5356 MB/s
[    8.857529] raid6: sse2x2   gen() 10172 MB/s
[    8.909868] raid6: sse2x2   xor()  4662 MB/s
[    8.960887] raid6: sse2x4   gen() 11950 MB/s
[    9.008086] raid6: sse2x4   xor()  7107 MB/s
[    9.056946] raid6: avx2x1   gen() 17006 MB/s
[    9.108136] raid6: avx2x1   xor() 10498 MB/s
[    9.156779] raid6: avx2x2   gen() 18401 MB/s
[    9.204132] raid6: avx2x2   xor() 10865 MB/s
[    9.252090] raid6: avx2x4   gen() 22330 MB/s
[    9.300381] raid6: avx2x4   xor() 12513 MB/s
[    9.302267] raid6: using algorithm avx2x4 gen() 22330 MB/s
[    9.306830] raid6: .... xor() 12513 MB/s, rmw enabled
[    9.308977] raid6: using avx2x2 recovery algorithm
[    9.313283] xor: automatically using best checksumming function   avx       
[    9.318994] async_tx: api initialized (async)
done.
Begin: Running /scripts/init-premount ... done.
Begin: Mounting root file system ... Begin: Running /scripts/local-top ... done.
Begin: Running /scripts/local-premount ... [    9.394621] Btrfs loaded, crc32c=crc32c-intel
Scanning for Btrfs filesystems
done.
Warning: fsck not present, so skipping root file system
[    9.454498] EXT4-fs (sda1): INFO: recovery required on readonly filesystem
[    9.460893] EXT4-fs (sda1): write access will be enabled during recovery
[    9.622232] EXT4-fs (sda1): orphan cleanup on readonly fs
[    9.627283] EXT4-fs (sda1): 16 orphan inodes deleted
[    9.629414] EXT4-fs (sda1): recovery complete
[    9.738965] EXT4-fs (sda1): mounted filesystem with ordered data mode. Opts: (null)
done.
Begin: Running /scripts/local-bottom ... done.
Begin: Running /scripts/init-bottom ... done.
[   10.704256] ip_tables: (C) 2000-2006 Netfilter Core Team
[   10.733955] systemd[1]: systemd 237 running in system mode. (+PAM +AUDIT +SELINUX +IMA +APPARMOR +SMACK +SYSVINIT +UTMP +LIBCRYPTSETUP +GCRYPT +GNUTLS +ACL +XZ +LZ4 +SECCOMP +BLKID +ELFUTILS +KMOD -IDN2 +IDN -PCRE2 default-hierarchy=hybrid)
[   10.741147] systemd[1]: Detected virtualization oracle.
[   10.743078] systemd[1]: Detected architecture x86-64.

Welcome to [1mUbuntu 18.04.3 LTS[0m!

[   10.765478] systemd[1]: Set hostname to <ubuntu-bionic>.
[   11.569972] systemd[1]: Created slice User and Session Slice.
[[0;32m  OK  [0m] Created slice User and Session Slice.
[   11.574814] systemd[1]: Reached target Swap.
[[0;32m  OK  [0m] Reached target Swap.
[   11.578134] systemd[1]: Reached target User and Group Name Lookups.
[[0;32m  OK  [0m] Reached target User and Group Name Lookups.
[   11.582174] systemd[1]: Started Forward Password Requests to Wall Directory Watch.
[[0;32m  OK  [0m] Started Forward Password Requests to Wall Directory Watch.
[   11.586424] systemd[1]: Set up automount Arbitrary Executable File Formats File System Automount Point.
[[0;32m  OK  [0m] Set up automount Arbitrary Executabâ€¦rmats File System Automount Point.
[   11.592228] systemd[1]: Created slice System Slice.
[[0;32m  OK  [0m] Created slice System Slice.
[[0;32m  OK  [0m] Listening on Journal Socket (/dev/log).
[[0;32m  OK  [0m] Listening on /dev/initctl Compatibility Named Pipe.
[[0;32m  OK  [0m] Listening on Syslog Socket.
[[0;32m  OK  [0m] Listening on udev Kernel Socket.
[[0;32m  OK  [0m] Listening on Device-mapper event daemon FIFOs.
[[0;32m  OK  [0m] Listening on LVM2 poll daemon socket.
[[0;32m  OK  [0m] Listening on Journal Audit Socket.
[[0;32m  OK  [0m] Listening on Network Service Netlink Socket.
[[0;32m  OK  [0m] Listening on udev Control Socket.
[[0;32m  OK  [0m] Listening on Journal Socket.
         Starting Set the console keyboard layout...
         Mounting Kernel Debug File System...
         Starting Create list of required stâ€¦ce nodes for the current kernel...
         Starting Load Kernel Modules...
         Mounting POSIX Message Queue File System...
         Starting Remount Root and Kernel File Systems...
         Starting Journal Service...
         Starting udev Coldplug all Devices...
[   11.682509] Loading iSCSI transport class v2.0-870.
         Starting Uncomplicated firewall...
         Mounting Huge Pages File System...
[[0;32m  OK  [0m] Created slice system-serial\x2dgetty.slice.
[[0;32m  OK  [0m] Reached target Slices.
[[0;32m  OK  [0m] Listening on LVM2 metadata daemon socket.
         Starting Monitoring of LVM2 mirrorsâ€¦ng dmeventd or progress polling...
[[0;32m  OK  [0m] Reached target System Time Synchronized.
[   11.719100] iscsi: registered transport (tcp)
[[0;32m  OK  [0m] Mounted Kernel Debug File System.
[[0;32m  OK  [0m] Started Create list of required staâ€¦vice nodes for the current kernel.
[[0;32m  OK  [0m] Mounted POSIX Message Queue File System.
[[0;32m  OK  [0m] Mounted Huge Pages File System.
[   11.756928] EXT4-fs (sda1): re-mounted. Opts: (null)
         Starting Create Static Device Nodes in /dev...
[[0;32m  OK  [0m] Started Remount Root and Kernel File Systems.
[   11.848459] iscsi: registered transport (iser)
         Starting Load/Save Random Seed...
[[0;32m  OK  [0m] Started Journal Service.
[[0;32m  OK  [0m] Started Load Kernel Modules.
[[0;32m  OK  [0m] Started Uncomplicated firewall.
[[0;32m  OK  [0m] Started udev Coldplug all Devices.
[[0;32m  OK  [0m] Started LVM2 metadata daemon.
         Starting Apply Kernel Variables...
         Mounting Kernel Configuration File System...
         Mounting FUSE Control File System...
         Starting Flush Journal to Persistent Storage...
[[0;32m  OK  [0m] Started Create Static Device Nodes in /dev.
[[0;32m  OK  [0m] Started Load/Save Random Seed.
[[0;32m  OK  [0m] Mounted Kernel Configuration File System.
[[0;32m  OK  [0m] Mounted FUSE Control File System.
         Starting udev Kernel Device Manager...
[[0;32m  OK  [0m] Started Monitoring of LVM2 mirrors,â€¦sing dmeventd or progress polling.
[[0;32m  OK  [0m] Started Apply Kernel Variables.
[[0;32m  OK  [0m] Started udev Kernel Device Manager.
[[0;32m  OK  [0m] Started Flush Journal to Persistent Storage.
[[0;32m  OK  [0m] Found device /dev/ttyS0.
[[0;32m  OK  [0m] Listening on Load/Save RF Kill Switch Status /dev/rfkill Watch.
[[0;32m  OK  [0m] Started Set the console keyboard layout.
[[0;32m  OK  [0m] Reached target Local File Systems (Pre).
[[0;32m  OK  [0m] Reached target Local File Systems.
         Starting ebtables ruleset management...
         Starting Create Volatile Files and Directories...
         Starting QEMU KVM preparation - module, ksm, hugepages...
         Starting Set console font and keymap...
         Starting AppArmor initialization...
         Starting Tell Plymouth To Write Out Runtime Data...
         Starting Enable support for additional executable binary formats...
         Mounting /vagrant...
[[0;32m  OK  [0m] Started Dispatch Password Requests to Console Directory Watch.
[[0;32m  OK  [0m] Reached target Local Encrypted Volumes.
[[0;32m  OK  [0m] Started Create Volatile Files and Directories.
[[0;32m  OK  [0m] Started Set console font and keymap.
[[0;32m  OK  [0m] Started Tell Plymouth To Write Out Runtime Data.
         Mounting Arbitrary Executable File Formats File System...
         Starting Update UTMP about System Boot/Shutdown...
[[0;32m  OK  [0m] Started Update UTMP about System Boot/Shutdown.
[[0;32m  OK  [0m] Mounted Arbitrary Executable File Formats File System.
[[0;32m  OK  [0m] Started QEMU KVM preparation - module, ksm, hugepages.
[[0;32m  OK  [0m] Mounted /vagrant.
[[0;32m  OK  [0m] Started Enable support for additional executable binary formats.
[[0;32m  OK  [0m] Started ebtables ruleset management.
[[0;32m  OK  [0m] Started AppArmor initialization.
         Starting Initial cloud-init job (pre-networking)...
[   18.108889] cloud-init[831]: Cloud-init v. 19.3-41-gc4735dd3-0ubuntu1~18.04.1 running 'init-local' at Fri, 02 Jul 2021 03:29:09 +0000. Up 16.85 seconds.
[[0;32m  OK  [0m] Started Initial cloud-init job (pre-networking).
[[0;32m  OK  [0m] Reached target Network (Pre).
         Starting Network Service...
[[0;32m  OK  [0m] Started Network Service.
         Starting Network Name Resolution...
         Starting Wait for Network to be Configured...
[[0;32m  OK  [0m] Started Network Name Resolution.
[[0;32m  OK  [0m] Reached target Network.
[[0;32m  OK  [0m] Reached target Host and Network Name Lookups.
[[0;32m  OK  [0m] Started Wait for Network to be Configured.
         Starting Initial cloud-init job (metadata service crawler)...
[   20.462503] cloud-init[937]: Cloud-init v. 19.3-41-gc4735dd3-0ubuntu1~18.04.1 running 'init' at Fri, 02 Jul 2021 03:29:12 +0000. Up 20.21 seconds.
[   20.469873] cloud-init[937]: ci-info: ++++++++++++++++++++++++++++++++++++++Net device info++++++++++++++++++++++++++++++++++++++
[   20.488342] cloud-init[937]: ci-info: +--------+------+----------------------------+---------------+--------+-------------------+
[   20.492894] cloud-init[937]: ci-info: | Device |  Up  |          Address           |      Mask     | Scope  |     Hw-Address    |
[   20.496707] cloud-init[937]: ci-info: +--------+------+----------------------------+---------------+--------+-------------------+
[   20.503093] cloud-init[937]: ci-info: | enp0s3 | True |         10.0.2.15          | 255.255.255.0 | global | 02:6d:68:ec:b8:1e |
[   20.508191] cloud-init[937]: ci-info: | enp0s3 | True | fe80::6d:68ff:feec:b81e/64 |       .       |  link  | 02:6d:68:ec:b8:1e |
[   20.524740] cloud-init[937]: ci-info: |   lo   | True |         127.0.0.1          |   255.0.0.0   |  host  |         .         |
[   20.529594] cloud-init[937]: ci-info: |   lo   | True |          ::1/128           |       .       |  host  |         .         |
[   20.544473] cloud-init[937]: ci-info: +--------+------+----------------------------+---------------+--------+-------------------+
[   20.548854] cloud-init[937]: ci-info: ++++++++++++++++++++++++++++Route IPv4 info+++++++++++++++++++++++++++++
[   20.553498] cloud-init[937]: ci-info: +-------+-------------+----------+-----------------+-----------+-------+
[   20.558980] cloud-init[937]: ci-info: | Route | Destination | Gateway  |     Genmask     | Interface | Flags |
[   20.563937] cloud-init[937]: ci-info: +-------+-------------+----------+-----------------+-----------+-------+
[   20.567129] cloud-init[937]: ci-info: |   0   |   0.0.0.0   | 10.0.2.2 |     0.0.0.0     |   enp0s3  |   UG  |
[   20.571594] cloud-init[937]: ci-info: |   1   |   10.0.2.0  | 0.0.0.0  |  255.255.255.0  |   enp0s3  |   U   |
[   20.590350] cloud-init[937]: ci-info: |   2   |   10.0.2.2  | 0.0.0.0  | 255.255.255.255 |   enp0s3  |   UH  |
[   20.595941] cloud-init[937]: ci-info: +-------+-------------+----------+-----------------+-----------+-------+
[   20.599604] cloud-init[937]: ci-info: +++++++++++++++++++Route IPv6 info+++++++++++++++++++
[   20.607132] cloud-init[937]: ci-info: +-------+-------------+---------+-----------+-------+
[   20.611025] cloud-init[937]: ci-info: | Route | Destination | Gateway | Interface | Flags |
[   20.624681] cloud-init[937]: ci-info: +-------+-------------+---------+-----------+-------+
[   20.627666] cloud-init[937]: ci-info: |   1   |  fe80::/64  |    ::   |   enp0s3  |   U   |
[   20.644393] cloud-init[937]: ci-info: |   3   |    local    |    ::   |   enp0s3  |   U   |
[   20.647492] cloud-init[937]: ci-info: |   4   |   ff00::/8  |    ::   |   enp0s3  |   U   |
[   20.664665] cloud-init[937]: ci-info: +-------+-------------+---------+-----------+-------+
[[0;32m  OK  [0m] Started Initial cloud-init job (metadata service crawler).
[[0;32m  OK  [0m] Reached target Cloud-config availability.
[[0;32m  OK  [0m] Reached target Network is Online.
         Starting Availability of block devices...
[[0;32m  OK  [0m] Reached target Remote File Systems (Pre).
[[0;32m  OK  [0m] Reached target Remote File Systems.
[[0;32m  OK  [0m] Reached target System Initialization.
[[0;32m  OK  [0m] Started ACPI Events Check.
         Starting LXD - unix socket.
[[0;32m  OK  [0m] Listening on D-Bus System Message Bus Socket.
[[0;32m  OK  [0m] Reached target Paths.
[[0;32m  OK  [0m] Started Message of the Day.
[[0;32m  OK  [0m] Started Daily apt download activities.
[[0;32m  OK  [0m] Started Daily apt upgrade and clean activities.
[[0;32m  OK  [0m] Started Discard unused blocks once a week.
[[0;32m  OK  [0m] Listening on ACPID Listen Socket.
[[0;32m  OK  [0m] Started Daily Cleanup of Temporary Directories.
[[0;32m  OK  [0m] Reached target Timers.
[[0;32m  OK  [0m] Listening on Open-iSCSI iscsid Socket.
         Starting Socket activation for snappy daemon.
[[0;32m  OK  [0m] Listening on UUID daemon activation socket.
[[0;32m  OK  [0m] Started Availability of block devices.
[[0;32m  OK  [0m] Listening on LXD - unix socket.
[[0;32m  OK  [0m] Listening on Socket activation for snappy daemon.
[[0;32m  OK  [0m] Reached target Sockets.
[[0;32m  OK  [0m] Reached target Basic System.
[[0;32m  OK  [0m] Started FUSE filesystem for LXC.
         Starting Accounts Service...
[[0;32m  OK  [0m] Started Regular background program processing daemon.
         Starting LXD - container startup/shutdown...
         Starting Dispatcher daemon for systemd-networkd...
         Starting OpenBSD Secure Shell server...
         Starting vboxadd.service...
         Starting Message of the Day...
[[0;32m  OK  [0m] Started Deferred execution scheduler.
         Starting System Logging Service...
[[0;32m  OK  [0m] Started irqbalance daemon.
         Starting LSB: automatic crash report generation...
         Starting Snappy daemon...
[[0;32m  OK  [0m] Started D-Bus System Message Bus.
         Starting Permit User Sessions...
         Starting LSB: Record successful boot for GRUB...
         Starting Login Service...
[[0;32m  OK  [0m] Started System Logging Service.
[[0;32m  OK  [0m] Started OpenBSD Secure Shell server.
[[0;32m  OK  [0m] Started Permit User Sessions.
         Starting Hold until boot process finishes up...
         Starting Terminate Plymouth Boot Screen...
[[0;32m  OK  [0m] Started Hold until boot process finishes up.
         Starting Set console scheme...
[[0;32m  OK  [0m] Started Serial Getty on ttyS0.
[[0;32m  OK  [0m] Started Terminate Plymouth Boot Screen.
         Starting Authorization Manager...
[[0;32m  OK  [0m] Started Dispatcher daemon for systemd-networkd.
[[0;32m  OK  [0m] Started Set console scheme.
[[0;32m  OK  [0m] Created slice system-getty.slice.
[[0;32m  OK  [0m] Started Getty on tty1.
[[0;32m  OK  [0m] Reached target Login Prompts.
[[0;32m  OK  [0m] Started LSB: automatic crash report generation.
[[0;32m  OK  [0m] Started Authorization Manager.
[[0;32m  OK  [0m] Started Login Service.
[[0;32m  OK  [0m] Started Accounts Service.
[[0;32m  OK  [0m] Started LXD - container startup/shutdown.
[[0;32m  OK  [0m] Started LSB: Record successful boot for GRUB.
[[0;32m  OK  [0m] Started Unattended Upgrades Shutdown.
[[0;32m  OK  [0m] Started Snappy daemon.
         Starting Wait until snapd is fully seeded...
[[0;32m  OK  [0m] Started Wait until snapd is fully seeded.
         Starting Apply the settings specified in cloud-config...
[   26.306470] cloud-init[1450]: Cloud-init v. 19.3-41-gc4735dd3-0ubuntu1~18.04.1 running 'modules:config' at Fri, 02 Jul 2021 03:29:18 +0000. Up 26.01 seconds.
[[0;32m  OK  [0m] Started Apply the settings specified in cloud-config.
[[0;32m  OK  [0m] Started Message of the Day.
[[0;32m  OK  [0m] Created slice User Slice of vagrant.
         Starting User Manager for UID 1000...
[[0;32m  OK  [0m] Started Session 1 of user vagrant.
[[0;32m  OK  [0m] Started User Manager for UID 1000.
[[0;32m  OK  [0m] Started vboxadd.service.
         Starting vboxadd-service.service...
[[0;32m  OK  [0m] Started vboxadd-service.service.
[[0;32m  OK  [0m] Reached target Multi-User System.
         Starting Execute cloud user/final scripts...
[[0;32m  OK  [0m] Reached target Graphical Interface.
         Starting Update UTMP about System Runlevel Changes...
[[0;32m  OK  [0m] Started Update UTMP about System Runlevel Changes.
[   28.427890] cloud-init[1653]: Cloud-init v. 19.3-41-gc4735dd3-0ubuntu1~18.04.1 running 'modules:final' at Fri, 02 Jul 2021 03:29:20 +0000. Up 28.24 seconds.
[   28.428159] cloud-init[1653]: Cloud-init v. 19.3-41-gc4735dd3-0ubuntu1~18.04.1 finished at Fri, 02 Jul 2021 03:29:20 +0000. Datasource DataSourceNoCloud [seed=/dev/sdb][dsmode=net].  Up 28.41 seconds

Ubuntu 18.04.3 LTS ubuntu-bionic ttyS0

ubuntu-bionic login: 